[000] SUCCESS
original: it has charm to spare , and unlike many romantic comedies , it does not alienate either gender in the audience . 
adversarial: it has becharm to scanty, and unlike many romantic comedies, it does not estrange either gender in the audience.
labels: 1 -> 0
changed_words: [('spare', 'scanty', 4), ('charm', 'becharm', 2), ('alienate', 'estrange', 15)]
queries: 73
--------------------------------------------------------------------------------
[001] SUCCESS
original: there are simply too many ideas floating around -- part farce , part sliding doors , part pop video -- and yet failing to exploit them . 
adversarial: there are but too many theme vagrant around - - part farce, part sliding doors, part pop picture - - and yet failing to exploit them.
labels: 0 -> 1
changed_words: [('floating', 'vagrant', 6), ('ideas', 'theme', 5), ('simply', 'but', 2), ('video', 'picture', 19)]
queries: 138
--------------------------------------------------------------------------------
[002] SUCCESS
original: the action switches between past and present , but the material link is too tenuous to anchor the emotional connections that purport to span a 125-year divide . 
adversarial: the accomplish exchange between retiring and award, but the substantial connect is too slight to mainstay the excited joining that spirit to duo a 125 - year watershed.
labels: 0 -> 1
changed_words: [('anchor', 'mainstay', 16), ('switches', 'exchange', 2), ('emotional', 'excited', 18), ('link', 'connect', 11), ('material', 'substantial', 10), ('connections', 'joining', 19), ('purport', 'spirit', 21), ('present', 'award', 6), ('divide', 'watershed', 28), ('action', 'accomplish', 1), ('past', 'retiring', 4), ('span', 'duo', 23), ('tenuous', 'slight', 14)]
queries: 213
--------------------------------------------------------------------------------
[003] SUCCESS
original: the heavy-handed film is almost laughable as a consequence . 
adversarial: the heavy - handed film is almost comic as a consequence.
labels: 0 -> 1
changed_words: [('laughable', 'comic', 7)]
queries: 64
--------------------------------------------------------------------------------
[004] SUCCESS
original: collateral damage finally delivers the goods for schwarzenegger fans . 
adversarial: collateral damage finally cede the goods for schwarzenegger fans.
labels: 1 -> 0
changed_words: [('delivers', 'cede', 3)]
queries: 58
--------------------------------------------------------------------------------
[005] SUCCESS
original: it 's not that kung pow is n't funny some of the time -- it just is n't any funnier than bad martial arts movies are all by themselves , without all oedekerk 's impish augmentation . 
adversarial: it's not that kung pow is n'thymine mirthful some of the time - - it just is normality't any funnier than bad martial arts movies are all by themselves, without all oedekerk's impish augmentation.
labels: 0 -> 1
changed_words: [('funny', 'mirthful', 11), ('t', 'thymine', 10), ('n', 'normality', 21)]
queries: 135
--------------------------------------------------------------------------------
[006] FAILED
original: a sequel that 's much too big for its britches . 
adversarial: a continuation that's often too boastfully for its britches.
labels: 0 -> 0
changed_words: [('big', 'boastfully', 7), ('much', 'often', 5), ('sequel', 'continuation', 1)]
queries: 35
--------------------------------------------------------------------------------
[007] SKIP
original: an absurdist comedy about alienation , separation and loss . 
adversarial: an absurdist comedy about alienation , separation and loss . 
labels: 1 -> 1
changed_words: []
queries: 1
--------------------------------------------------------------------------------
[008] SUCCESS
original: the film makes a fatal mistake : it asks us to care about a young man whose only apparent virtue is that he is not quite as unpleasant as some of the people in his life . 
adversarial: the film clear a fatal err: it asks us to care about a young man whose only plain virtue is that he is not quite as unpleasant as some of the people in his life.
labels: 0 -> 1
changed_words: [('mistake', 'err', 5), ('makes', 'clear', 2), ('apparent', 'plain', 18)]
queries: 132
--------------------------------------------------------------------------------
[009] SUCCESS
original: ... mafia , rap stars and hood rats butt their ugly heads in a regurgitation of cinematic violence that gives brutal birth to an unlikely , but likable , hero . ' 
adversarial: ... mafia, rap stars and hood rats butt their ugly heads in a regurgitation of cinematic violence that gives brutal birth to an unlikely, but sympathetic, hero.'
labels: 1 -> 0
changed_words: [('likable', 'sympathetic', 29)]
queries: 149
--------------------------------------------------------------------------------
[010] SUCCESS
original: a film about a young man finding god that is accessible and touching to the marrow . 
adversarial: a celluloid about a young man detect god that is accessible and disturb to the marrow.
labels: 1 -> 0
changed_words: [('touching', 'disturb', 12), ('film', 'celluloid', 1), ('finding', 'detect', 6)]
queries: 99
--------------------------------------------------------------------------------
[011] SUCCESS
original: it takes a certain kind of horror movie to qualify as ` worse than expected , ' but ghost ship somehow manages to do exactly that . 
adversarial: it takes a certain kind of horror movie to qualify as ` worse than expected,'but ghost ship someways manages to do exactly that.
labels: 0 -> 1
changed_words: [('somehow', 'someways', 20)]
queries: 96
--------------------------------------------------------------------------------
[012] SUCCESS
original: it 's also , clearly , great fun . 
adversarial: it's also, clearly, bully merriment.
labels: 1 -> 0
changed_words: [('great', 'bully', 7), ('fun', 'merriment', 8)]
queries: 40
--------------------------------------------------------------------------------
[013] SUCCESS
original: slick piece of cross-promotion . 
adversarial: glib piece of cross - promotion.
labels: 1 -> 0
changed_words: [('slick', 'glib', 0)]
queries: 50
--------------------------------------------------------------------------------
[014] SUCCESS
original: unlike the speedy wham-bam effect of most hollywood offerings , character development -- and more importantly , character empathy -- is at the heart of italian for beginners . 
adversarial: unlike the speedy wham - bam effect of most hollywood offerings, character development - - and more importantly, character empathy - - is at the gist of italian for novice.
labels: 1 -> 0
changed_words: [('heart', 'gist', 27), ('beginners', 'novice', 31)]
queries: 103
--------------------------------------------------------------------------------
[015] SUCCESS
original: it 's one of those baseball pictures where the hero is stoic , the wife is patient , the kids are as cute as all get-out and the odds against success are long enough to intimidate , but short enough to make a dream seem possible . 
adversarial: it's one of those baseball pictures where the hero is stoic, the wife is patient, the kids are as cute as all get - out and the odds against success are long enough to intimidate, but inadequate enough to make a dream seem possible.
labels: 1 -> 0
changed_words: [('short', 'inadequate', 41)]
queries: 136
--------------------------------------------------------------------------------
[016] SUCCESS
original: the film 's performances are thrilling . 
adversarial: the film's performances are throb.
labels: 1 -> 0
changed_words: [('thrilling', 'throb', 6)]
queries: 36
--------------------------------------------------------------------------------
[017] SUCCESS
original: all that 's missing is the spontaneity , originality and delight . 
adversarial: all that's drop is the spontaneity, originality and delight.
labels: 0 -> 1
changed_words: [('missing', 'drop', 4)]
queries: 36
--------------------------------------------------------------------------------
[018] SUCCESS
original: ... takes the beauty of baseball and melds it with a story that could touch anyone regardless of their familiarity with the sport 
adversarial: ... takes the beauty of baseball and melds it with a story that could advert anyone regardless of their familiarity with the sport
labels: 1 -> 0
changed_words: [('touch', 'advert', 16)]
queries: 95
--------------------------------------------------------------------------------
[019] SUCCESS
original: there 's a wickedly subversive bent to the best parts of birthday girl . 
adversarial: there's a wickedly subversive crumpled to the better parts of birthday girl.
labels: 1 -> 0
changed_words: [('best', 'better', 9), ('bent', 'crumpled', 6)]
queries: 69
--------------------------------------------------------------------------------
[020] SUCCESS
original: it 's inoffensive , cheerful , built to inspire the young people , set to an unending soundtrack of beach party pop numbers and aside from its remarkable camerawork and awesome scenery , it 's about as exciting as a sunburn . 
adversarial: it's inoffensive, cheerful, built to inspire the young people, set to an unending soundtrack of beach party pop numbers and aside from its remarkable camerawork and awesome scenery, it's about as sex as a sunburn.
labels: 0 -> 1
changed_words: [('exciting', 'sex', 39)]
queries: 128
--------------------------------------------------------------------------------
[021] SKIP
original: i do n't think i laughed out loud once . 
adversarial: i do n't think i laughed out loud once . 
labels: 1 -> 1
changed_words: []
queries: 1
--------------------------------------------------------------------------------
[022] SUCCESS
original: a science-fiction pastiche so lacking in originality that if you stripped away its inspirations there would be precious little left . 
adversarial: a science - fiction pastiche so wanting in originality that if you stripped away its inspirations there would be precious little left.
labels: 0 -> 1
changed_words: [('lacking', 'wanting', 6)]
queries: 78
--------------------------------------------------------------------------------
[023] SUCCESS
original: the acting , costumes , music , cinematography and sound are all astounding given the production 's austere locales . 
adversarial: the acting, costumes, music, cinematography and sound are all dumbfounding given the production's austere locales.
labels: 1 -> 0
changed_words: [('astounding', 'dumbfounding', 12)]
queries: 73
--------------------------------------------------------------------------------
[024] SUCCESS
original: for the most part , it 's a work of incendiary genius , steering clear of knee-jerk reactions and quick solutions . 
adversarial: for the most part, it's a work of incendiary brainiac, steering clear of knee - jerk reactions and quick solutions.
labels: 1 -> 0
changed_words: [('genius', 'brainiac', 12)]
queries: 109
--------------------------------------------------------------------------------
[025] SKIP
original: the lower your expectations , the more you 'll enjoy it . 
adversarial: the lower your expectations , the more you 'll enjoy it . 
labels: 1 -> 1
changed_words: []
queries: 1
--------------------------------------------------------------------------------
[026] SUCCESS
original: uses sharp humor and insight into human nature to examine class conflict , adolescent yearning , the roots of friendship and sexual identity . 
adversarial: expend abrupt humor and brainstorm into human nature to examine class conflict, adolescent yearning, the roots of friendship and sexual identity.
labels: 1 -> 0
changed_words: [('sharp', 'abrupt', 1), ('uses', 'expend', 0), ('insight', 'brainstorm', 4)]
queries: 133
--------------------------------------------------------------------------------
[027] FAILED
original: they should have called it gutterball . 
adversarial: they should have foretell it gutterball.
labels: 0 -> 0
changed_words: [('called', 'foretell', 3)]
queries: 23
--------------------------------------------------------------------------------
[028] SUCCESS
original: further proof that the epicenter of cool , beautiful , thought-provoking foreign cinema is smack-dab in the middle of dubya 's axis of evil . 
adversarial: further proof that the epicenter of nerveless, beautiful, thought - provoking foreign cinema is smack - dab in the middle of dubya's axis of evil.
labels: 1 -> 0
changed_words: [('cool', 'nerveless', 6)]
queries: 92
--------------------------------------------------------------------------------
[029] SUCCESS
original: so unassuming and pure of heart , you ca n't help but warmly extend your arms and yell ` safe ! ' 
adversarial: so unassuming and gross of heart, you ca n't help but cordially extend your munition and yell ` safe!'
labels: 1 -> 0
changed_words: [('pure', 'gross', 3), ('warmly', 'cordially', 14), ('arms', 'munition', 17)]
queries: 121
--------------------------------------------------------------------------------
total: 30
clean_correct: 27
successful: 25
failed: 2
skipped: 3
attack_success_rate: 0.9259
avg_queries: 93.11
avg_changed_words: 2.19
